// Jest Snapshot v1, https://goo.gl/fbAQLP

exports[`Container component UI Should render properly 1`] = `
<View
  style={
    Array [
      Object {
        "alignItems": "center",
        "flex": 1,
        "justifyContent": "center",
      },
    ]
  }
>
  Solar Sizing
</View>
`;
